 Image services-indexer Building 
 Image services-tor Building 
 Image services-crawler Building 
 Image services-searxng2 Building 
 Image services-gateway Building 
 Image services-tor2 Building 
 Image services-intent-engine Building 
#1 [internal] load local bake definitions
#1 reading from stdin 3.72kB done
#1 DONE 0.0s

#2 [internal] load build definition from Dockerfile
#2 transferring dockerfile: 612B done
#2 WARN: FromAsCasing: 'as' and 'FROM' keywords' casing do not match (line 1)
#2 DONE 0.0s

#3 [internal] load metadata for docker.io/library/rust:1.88-slim-bookworm
#3 ...

#4 [internal] load metadata for docker.io/library/debian:bookworm-slim
#4 DONE 0.5s

#3 [internal] load metadata for docker.io/library/rust:1.88-slim-bookworm
#3 DONE 0.5s

#5 [internal] load .dockerignore
#5 transferring context: 80B done
#5 DONE 0.0s

#6 [stage-1 1/4] FROM docker.io/library/debian:bookworm-slim@sha256:0104b334637a5f19aa9c983a91b54c89887c0984081f2068983107a6f6c21eeb
#6 resolve docker.io/library/debian:bookworm-slim@sha256:0104b334637a5f19aa9c983a91b54c89887c0984081f2068983107a6f6c21eeb 0.0s done
#6 DONE 0.1s

#7 [builder 1/8] FROM docker.io/library/rust:1.88-slim-bookworm@sha256:38bc5a86d998772d4aec2348656ed21438d20fcdce2795b56ca434cf21430d89
#7 resolve docker.io/library/rust:1.88-slim-bookworm@sha256:38bc5a86d998772d4aec2348656ed21438d20fcdce2795b56ca434cf21430d89 0.0s done
#7 DONE 0.1s

#8 [internal] load build context
#8 transferring context: 87B done
#8 DONE 0.0s

#9 [builder 4/8] RUN apt-get update && apt-get install -y pkg-config libssl-dev && rm -rf /var/lib/apt/lists/*
#9 CACHED

#10 [builder 5/8] RUN mkdir src && echo "fn main() {}" > src/main.rs
#10 CACHED

#11 [builder 6/8] RUN cargo build --release
#11 CACHED

#12 [builder 2/8] WORKDIR /usr/src/gateway
#12 CACHED

#13 [builder 3/8] COPY Cargo.toml ./
#13 CACHED

#14 [builder 7/8] COPY src ./src
#14 CACHED

#15 [builder 8/8] RUN touch src/main.rs && cargo build --release
#15 0.573    Compiling gateway v0.1.0 (/usr/src/gateway)
#15 0.887 error[E0425]: cannot find value `q_clean` in this scope
#15 0.887    --> src/main.rs:783:29
#15 0.887     |
#15 0.887 783 |         if matched == 0 && !q_clean.trim().is_empty() {
#15 0.887     |                             ^^^^^^^ not found in this scope
#15 0.887 
#15 0.887 error[E0425]: cannot find value `q_clean` in this scope
#15 0.887    --> src/main.rs:788:35
#15 0.887     |
#15 0.887 788 |                     let q_lower = q_clean.to_lowercase();
#15 0.887     |                                   ^^^^^^^ not found in this scope
#15 0.887 
#15 0.887 error[E0425]: cannot find value `q` in this scope
#15 0.887    --> src/main.rs:796:58
#15 0.887     |
#15 0.887 796 |             let q_reuse: f32 = semantic_relevance_score(&q, &title, &content);
#15 0.887     |                                                          ^ not found in this scope
#15 0.887 
#15 1.480 warning: unused variable: `is_freshness_query`
#15 1.480     --> src/main.rs:2872:9
#15 1.480      |
#15 1.480 2872 |     let is_freshness_query = intent.constraints.iter().any(|c| {
#15 1.480      |         ^^^^^^^^^^^^^^^^^^ help: if this is intentional, prefix it with an underscore: `_is_freshness_query`
#15 1.480      |
#15 1.480      = note: `#[warn(unused_variables)]` on by default
#15 1.480 
#15 1.480 warning: variable `degraded_engines` is assigned to, but never used
#15 1.480     --> src/main.rs:2989:13
#15 1.480      |
#15 1.480 2989 |     let mut degraded_engines = 0usize;
#15 1.480      |             ^^^^^^^^^^^^^^^^
#15 1.480      |
#15 1.480      = note: consider using `_degraded_engines` instead
#15 1.480 
#15 1.562 warning: unused variable: `i`
#15 1.562     --> src/main.rs:2579:76
#15 1.562      |
#15 1.562 2579 |     let searx_urls: Vec<String> = searx_base_urls.iter().enumerate().map(|(i, base_url)| {
#15 1.562      |                                                                            ^ help: if this is intentional, prefix it with an underscore: `_i`
#15 1.562 
#15 1.578 warning: unused variable: `instance_key`
#15 1.578     --> src/main.rs:2637:13
#15 1.578      |
#15 1.578 2637 |         let instance_key = searx_instance_keys_ref[i].clone();
#15 1.578      |             ^^^^^^^^^^^^ help: if this is intentional, prefix it with an underscore: `_instance_key`
#15 1.578 
#15 3.012 For more information about this error, try `rustc --explain E0425`.
#15 3.032 warning: `gateway` (bin "gateway") generated 4 warnings
#15 3.032 error: could not compile `gateway` (bin "gateway") due to 3 previous errors; 4 warnings emitted
#15 ERROR: process "/bin/sh -c touch src/main.rs && cargo build --release" did not complete successfully: exit code: 101
------
 > [builder 8/8] RUN touch src/main.rs && cargo build --release:
1.562 
1.578 warning: unused variable: `instance_key`
1.578     --> src/main.rs:2637:13
1.578      |
1.578 2637 |         let instance_key = searx_instance_keys_ref[i].clone();
1.578      |             ^^^^^^^^^^^^ help: if this is intentional, prefix it with an underscore: `_instance_key`
1.578 
3.012 For more information about this error, try `rustc --explain E0425`.
3.032 warning: `gateway` (bin "gateway") generated 4 warnings
3.032 error: could not compile `gateway` (bin "gateway") due to 3 previous errors; 4 warnings emitted
------
Dockerfile:10

--------------------

   8 |     RUN cargo build --release

   9 |     COPY src ./src

  10 | >>> RUN touch src/main.rs && cargo build --release

  11 |     

  12 |     FROM debian:bookworm-slim

--------------------

failed to solve: process "/bin/sh -c touch src/main.rs && cargo build --release" did not complete successfully: exit code: 101



View build details: docker-desktop://dashboard/build/default/default/h3p23lrd6a7qgh27jb3voi0k1

